PHPUnit 10.5.60 by Sebastian Bergmann and contributors.

Runtime:       PHP 8.3.26
Configuration: D:\laragon\www\Zoldify\phpunit.xml

...................................................EEEEE.E.E...  63 / 191 ( 32%)
.........EE......EEEEE......W............EEE......E....E.EE..FW 126 / 191 ( 65%)
...FF...EE...EE.EEE..E...R..................................... 189 / 191 ( 98%)
..                                                              191 / 191 (100%)

Time: 00:04.812, Memory: 14.00 MB

There were 29 errors:

1) Tests\Models\CartTest::addItem_shouldUseUpsertPattern
PHPUnit\Framework\MockObject\IncompatibleReturnValueException: Method execute may not return value of type bool, its declared return type is "int"

D:\laragon\www\Zoldify\tests\php\Models\CartTest.php:203

2) Tests\Models\CartTest::updateQuantity_withPositiveQuantity_shouldUpdate
PHPUnit\Framework\MockObject\IncompatibleReturnValueException: Method execute may not return value of type bool, its declared return type is "int"

D:\laragon\www\Zoldify\tests\php\Models\CartTest.php:225

3) Tests\Models\CartTest::removeItem_shouldDeleteFromCart
PHPUnit\Framework\MockObject\IncompatibleReturnValueException: Method execute may not return value of type bool, its declared return type is "int"

D:\laragon\www\Zoldify\tests\php\Models\CartTest.php:247

4) Tests\Models\CartTest::clearCart_shouldDeleteAllItems
PHPUnit\Framework\MockObject\IncompatibleReturnValueException: Method execute may not return value of type bool, its declared return type is "int"

D:\laragon\www\Zoldify\tests\php\Models\CartTest.php:269

5) Tests\Models\CartTest::mergeFromSession_withValidProducts_shouldMerge
PHPUnit\Framework\MockObject\IncompatibleReturnValueException: Method execute may not return value of type bool, its declared return type is "int"

D:\laragon\www\Zoldify\tests\php\Models\CartTest.php:300

6) Tests\Models\FollowTest::follow_withValidUsers_shouldReturnTrue
PHPUnit\Framework\MockObject\IncompatibleReturnValueException: Method execute may not return value of type bool, its declared return type is "int"

D:\laragon\www\Zoldify\tests\php\Models\FollowTest.php:45

7) Tests\Models\FollowTest::unfollow_shouldDeleteFollow
PHPUnit\Framework\MockObject\IncompatibleReturnValueException: Method execute may not return value of type bool, its declared return type is "int"

D:\laragon\www\Zoldify\tests\php\Models\FollowTest.php:83

8) Tests\Models\NotificationTest::markAsRead_shouldUpdateNotification
PHPUnit\Framework\MockObject\IncompatibleReturnValueException: Method execute may not return value of type bool, its declared return type is "int"

D:\laragon\www\Zoldify\tests\php\Models\NotificationTest.php:187

9) Tests\Models\NotificationTest::markAllAsRead_shouldUpdateAllUnreadNotifications
PHPUnit\Framework\MockObject\IncompatibleReturnValueException: Method execute may not return value of type bool, its declared return type is "int"

D:\laragon\www\Zoldify\tests\php\Models\NotificationTest.php:209

10) Tests\Models\OrderTest::updateStatus_shouldChangeOrderStatus
PHPUnit\Framework\MockObject\IncompatibleReturnValueException: Method execute may not return value of type bool, its declared return type is "int"

D:\laragon\www\Zoldify\tests\php\Models\OrderTest.php:178

11) Tests\Models\OrderTest::updateStatus_withCancelReason_shouldStoreReason
PHPUnit\Framework\MockObject\IncompatibleReturnValueException: Method execute may not return value of type bool, its declared return type is "int"

D:\laragon\www\Zoldify\tests\php\Models\OrderTest.php:198

12) Tests\Models\OrderTest::markAsPaid_shouldUpdateStatusToPaid
PHPUnit\Framework\MockObject\IncompatibleReturnValueException: Method execute may not return value of type bool, its declared return type is "int"

D:\laragon\www\Zoldify\tests\php\Models\OrderTest.php:220

13) Tests\Models\OrderTest::confirmReceived_shouldUpdateStatusToReceived
PHPUnit\Framework\MockObject\IncompatibleReturnValueException: Method execute may not return value of type bool, its declared return type is "int"

D:\laragon\www\Zoldify\tests\php\Models\OrderTest.php:242

14) Tests\Models\OrderTest::markAsCompleted_shouldUpdateStatusToCompleted
PHPUnit\Framework\MockObject\IncompatibleReturnValueException: Method execute may not return value of type bool, its declared return type is "int"

D:\laragon\www\Zoldify\tests\php\Models\OrderTest.php:264

15) Tests\Models\ProductTest::update_withValidData_shouldReturnTrue
PHPUnit\Framework\MockObject\IncompatibleReturnValueException: Method execute may not return value of type bool, its declared return type is "int"

D:\laragon\www\Zoldify\tests\php\Models\ProductTest.php:423

16) Tests\Models\ProductTest::delete_shouldDeleteProduct
PHPUnit\Framework\MockObject\IncompatibleReturnValueException: Method execute may not return value of type bool, its declared return type is "int"

D:\laragon\www\Zoldify\tests\php\Models\ProductTest.php:444

17) Tests\Models\ProductTest::decreaseQuantity_shouldDecreaseStock
PHPUnit\Framework\MockObject\IncompatibleReturnValueException: Method execute may not return value of type bool, its declared return type is "int"

D:\laragon\www\Zoldify\tests\php\Models\ProductTest.php:465

18) Tests\Models\UserAddressTest::getDefaultAddress_withNoDefault_shouldReturnNull
PHPUnit\Framework\MockObject\IncompatibleReturnValueException: Method fetchOne may not return value of type bool, its declared return type is "?array"

D:\laragon\www\Zoldify\tests\php\Models\UserAddressTest.php:93

19) Tests\Models\UserAddressTest::updateAddress_withValidOwner_shouldUpdate
PHPUnit\Framework\MockObject\IncompatibleReturnValueException: Method execute may not return value of type bool, its declared return type is "int"

D:\laragon\www\Zoldify\tests\php\Models\UserAddressTest.php:215

20) Tests\Models\UserAddressTest::deleteAddress_withValidOwner_shouldDelete
PHPUnit\Framework\MockObject\IncompatibleReturnValueException: Method execute may not return value of type bool, its declared return type is "int"

D:\laragon\www\Zoldify\tests\php\Models\UserAddressTest.php:259

21) Tests\Models\UserAddressTest::setAsDefault_shouldClearOthersAndSetNew
PHPUnit\Framework\MockObject\IncompatibleReturnValueException: Method execute may not return value of type bool, its declared return type is "int"

D:\laragon\www\Zoldify\tests\php\Models\UserAddressTest.php:284

22) Tests\Models\UserTest::saveVerificationToken_shouldUpdateUserWithToken
PHPUnit\Framework\MockObject\IncompatibleReturnValueException: Method execute may not return value of type bool, its declared return type is "int"

D:\laragon\www\Zoldify\tests\php\Models\UserTest.php:320

23) Tests\Models\UserTest::markAsVerified_shouldSetVerifiedAndClearToken
PHPUnit\Framework\MockObject\IncompatibleReturnValueException: Method execute may not return value of type bool, its declared return type is "int"

D:\laragon\www\Zoldify\tests\php\Models\UserTest.php:342

24) Tests\Models\UserTest::update_withValidData_shouldReturnTrue
PHPUnit\Framework\MockObject\IncompatibleReturnValueException: Method execute may not return value of type bool, its declared return type is "int"

D:\laragon\www\Zoldify\tests\php\Models\UserTest.php:438

25) Tests\Models\UserTest::updateProfile_withAllowedFields_shouldUpdate
PHPUnit\Framework\MockObject\IncompatibleReturnValueException: Method execute may not return value of type bool, its declared return type is "int"

D:\laragon\www\Zoldify\tests\php\Models\UserTest.php:464

26) Tests\Models\UserTest::updateProfile_shouldIgnoreDisallowedFields
PHPUnit\Framework\MockObject\IncompatibleReturnValueException: Method execute may not return value of type bool, its declared return type is "int"

D:\laragon\www\Zoldify\tests\php\Models\UserTest.php:514

27) Tests\Models\UserTest::toggleLock_withUnlockedUser_shouldLock
PHPUnit\Framework\MockObject\IncompatibleReturnValueException: Method execute may not return value of type bool, its declared return type is "int"

D:\laragon\www\Zoldify\tests\php\Models\UserTest.php:543

28) Tests\Models\UserTest::toggleVerified_shouldToggleEmailVerifiedStatus
PHPUnit\Framework\MockObject\IncompatibleReturnValueException: Method execute may not return value of type bool, its declared return type is "int"

D:\laragon\www\Zoldify\tests\php\Models\UserTest.php:565

29) Tests\Services\AuthServiceTest::registerUser_resultShouldHaveCorrectStructure
TypeError: str_pad(): Argument #1 ($string) must be of type string, int given

D:\laragon\www\Zoldify\app\Services\EmailVerificationService.php:33
D:\laragon\www\Zoldify\app\Services\AuthService.php:52
D:\laragon\www\Zoldify\tests\php\Services\AuthServiceTest.php:108

--

There were 3 failures:

1) Tests\Models\UserTest::register_shouldHashPassword
Expectation failed for method name is "insert" when invoked 1 time
Parameter 1 for invocation App\Core\Database::insert('INSERT INTO users \r\n       ... ?, ?)', [...]): int does not match expected value.
Failed asserting that Array &0 [
    0 => 'Jane Doe',
    1 => 'jane@example.com',
    2 => '$2y$10$bd90i03P57ymoS1oIXyEz.dzx/oxfRfu8yur9uQDpgHqlvlcMG2jC',
    3 => null,
    4 => null,
    5 => 0,
] is accepted by specified callback.

D:\laragon\www\Zoldify\app\Models\User.php:69
D:\laragon\www\Zoldify\tests\php\Models\UserTest.php:101

2) Tests\Models\UserTest::login_withWrongPassword_shouldReturnFalse
Failed asserting that null is false.

D:\laragon\www\Zoldify\tests\php\Models\UserTest.php:221

3) Tests\Models\UserTest::login_withNonExistingEmail_shouldReturnFalse
Failed asserting that null is false.

D:\laragon\www\Zoldify\tests\php\Models\UserTest.php:240

--

There were 2 risky tests:

1) Tests\Models\UserTest::register_shouldHashPassword
This test did not perform any assertions

D:\laragon\www\Zoldify\tests\php\Models\UserTest.php:78

2) Tests\Services\AuthServiceTest::registerUser_shouldNormalizeEmail
This test did not perform any assertions

D:\laragon\www\Zoldify\tests\php\Services\AuthServiceTest.php:188

ERRORS!
Tests: 191, Assertions: 222, Errors: 29, Failures: 3, Warnings: 5, Deprecations: 1, PHPUnit Deprecations: 1, Risky: 2.
